// Jest Snapshot v1, https://goo.gl/fbAQLP

exports[`useGlobalState useSetupGlobalState maps the provided actions to dispatches 1`] = `
Object {
  "increment": [Function],
  "updateExample": [Function],
}
`;

exports[`useGlobalState useSetupGlobalState provides the context providing component and it renders its children 1`] = `"<div>I'll render!</div><div>So will I!</div>"`;
